// Jest Snapshot v1, https://goo.gl/fbAQLP

exports[`Container Component renders the container 1`] = `
<Fragment>
  <ShortForm
    onChange={[Function]}
    onSubmit={[Function]}
    userName=""
  />
</Fragment>
`;
